// Jest Snapshot v1, https://goo.gl/fbAQLP

exports[`Button component match snapshot 1`] = `
<styled.button
  canClick={true}
  disabled={false}
  onClick={
    [MockFunction] {
      "calls": Array [
        Array [],
      ],
      "results": Array [
        Object {
          "type": "return",
          "value": undefined,
        },
      ],
    }
  }
>
  게시
</styled.button>
`;
